CapacitiveSensor.c:42:6:CapacitiveSensorinit	16	static
CapacitiveSensor.c:63:6:capacitiveSensorRaw	24	static
CapacitiveSensor.c:79:5:SenseOneCycle	8	static
CapacitiveSensor.c:126:6:delayMicroseconds	24	static
CapacitiveSensor.c:132:6:SystemClock_Config2	88	static
CapacitiveSensor.c:170:6:SystemClock_Decrease	88	static
CapacitiveSensor.c:197:6:MX_GPIO_Deinit	8	static
CapacitiveSensor.c:203:6:MX_GPIO_Init	48	static
CapacitiveSensor.c:239:6:initTaster	32	static
CapacitiveSensor.c:254:6:deinitTaster	8	static
CapacitiveSensor.c:260:6:NextState	16	static
CapacitiveSensor.c:282:6:sleep	16	static
CapacitiveSensor.c:304:6:NextStateLongPressed	16	static
CapacitiveSensor.c:313:5:checksleepMode	8	static
