<html>
<body>
<pre>
<h1>µVision Build Log</h1>
<h2>Tool Versions:</h2>
IDE-Version: µVision V5.26.2.0
Copyright (C) 2018 ARM Ltd and ARM Germany GmbH. All rights reserved.
License Information: Luzia Pfeilschifter, OTH Regensburg, LIC=----
 
Tool Versions:
Toolchain:       MDK-Lite  Version: 5.26.2.0
Toolchain Path:  C:\Keil_v5\ARM\ARMCC\Bin
C Compiler:      Armcc.exe V5.06 update 6 (build 750)
Assembler:       Armasm.exe V5.06 update 6 (build 750)
Linker/Locator:  ArmLink.exe V5.06 update 6 (build 750)
Library Manager: ArmAr.exe V5.06 update 6 (build 750)
Hex Converter:   FromElf.exe V5.06 update 6 (build 750)
CPU DLL:         SARMCM3.DLL V5.26.2.0
Dialog DLL:      DARMCM1.DLL V1.19.1.0
Target DLL:      STLink\ST-LINKIII-KEIL_SWO.dll V3.0.5.0
Dialog DLL:      TARMCM1.DLL V1.14.0.0
 
<h2>Project:</h2>
D:\Studium\Semester 6\VMCB\CharlieplexingMatrix\MDK-ARM\CharlieplexingMatrix.uvprojx
Project File Date:  06/16/2020

<h2>Output:</h2>
*** Using Compiler 'V5.06 update 6 (build 750)', folder: 'C:\Keil_v5\ARM\ARMCC\Bin'
Rebuild target 'CharlieplexingMatrix'
assembling startup_stm32g031xx.s...
compiling stm32g0xx_it.c...
compiling stm32g0xx_hal_msp.c...
compiling main.c...
../Src/main.c(109): warning:  #1182-D: a declaration cannot have a label
  						GPIO_InitTypeDef GPIO_InitStruct1 = {0};
../Src/main.c(128): warning:  #1182-D: a declaration cannot have a label
  						GPIO_InitTypeDef GPIO_InitStruct2 = {0};
../Src/main.c(146): warning:  #1182-D: a declaration cannot have a label
  						GPIO_InitTypeDef GPIO_InitStruct3 = {0};
../Src/main.c(105): warning:  #546-D: transfer of control bypasses initialization of:
            variable "GPIO_InitStruct1"  (declared at line 109)
            variable "GPIO_InitStruct2"  (declared at line 128)
            variable "GPIO_InitStruct3"  (declared at line 146)
  				switch(num) {
  				^
../Src/main.c: 4 warnings, 0 errors
compiling stm32g0xx_hal_tim_ex.c...
compiling stm32g0xx_hal_tim.c...
compiling stm32g0xx_hal_gpio.c...
compiling stm32g0xx_ll_rcc.c...
compiling stm32g0xx_hal_flash.c...
compiling stm32g0xx_hal_rcc_ex.c...
compiling stm32g0xx_hal_rcc.c...
compiling stm32g0xx_hal_dma_ex.c...
compiling stm32g0xx_hal_flash_ex.c...
compiling stm32g0xx_hal_dma.c...
compiling stm32g0xx_hal_pwr.c...
compiling stm32g0xx_hal_cortex.c...
compiling stm32g0xx_hal_pwr_ex.c...
compiling system_stm32g0xx.c...
compiling stm32g0xx_hal_exti.c...
compiling stm32g0xx_hal.c...
linking...
Program Size: Code=2864 RO-data=288 RW-data=16 ZI-data=1024  
FromELF: creating hex file...
"CharlieplexingMatrix\CharlieplexingMatrix.axf" - 0 Error(s), 4 Warning(s).

<h2>Software Packages used:</h2>

Package Vendor: ARM
                http://www.keil.com/pack/ARM.CMSIS.5.6.0.pack
                ARM.CMSIS.5.6.0
                CMSIS (Cortex Microcontroller Software Interface Standard)
   * Component: CORE Version: 5.3.0

Package Vendor: Keil
                https://www.keil.com/pack/Keil.STM32G0xx_DFP.1.2.0.pack
                Keil.STM32G0xx_DFP.1.2.0
                STMicroelectronics STM32G0 Series Device Support

<h2>Collection of Component include folders:</h2>
  .\RTE\_CharlieplexingMatrix
  C:\Keil_v5\ARM\PACK\ARM\CMSIS\5.6.0\CMSIS\Core\Include
  C:\Keil_v5\ARM\PACK\Keil\STM32G0xx_DFP\1.2.0\Drivers\CMSIS\Device\ST\STM32G0xx\Include

<h2>Collection of Component Files used:</h2>

   * Component: ARM::CMSIS:CORE:5.3.0
Build Time Elapsed:  00:00:16
</pre>
</body>
</html>
