Archive member included to satisfy reference by file (symbol)

c:/st/stm32cubeide_1.2.0/stm32cubeide/plugins/com.st.stm32cube.ide.mcu.externaltools.gnu-tools-for-stm32.7-2018-q2-update.win32_1.0.0.201904181610/tools/bin/../lib/gcc/arm-none-eabi/7.3.1/../../../../arm-none-eabi/lib/thumb/v6-m\libc_nano.a(lib_a-errno.o)
                              Core/Src/syscalls.o (__errno)
c:/st/stm32cubeide_1.2.0/stm32cubeide/plugins/com.st.stm32cube.ide.mcu.externaltools.gnu-tools-for-stm32.7-2018-q2-update.win32_1.0.0.201904181610/tools/bin/../lib/gcc/arm-none-eabi/7.3.1/../../../../arm-none-eabi/lib/thumb/v6-m\libc_nano.a(lib_a-exit.o)
                              c:/st/stm32cubeide_1.2.0/stm32cubeide/plugins/com.st.stm32cube.ide.mcu.externaltools.gnu-tools-for-stm32.7-2018-q2-update.win32_1.0.0.201904181610/tools/bin/../lib/gcc/arm-none-eabi/7.3.1/../../../../arm-none-eabi/lib/thumb/v6-m/crt0.o (exit)
c:/st/stm32cubeide_1.2.0/stm32cubeide/plugins/com.st.stm32cube.ide.mcu.externaltools.gnu-tools-for-stm32.7-2018-q2-update.win32_1.0.0.201904181610/tools/bin/../lib/gcc/arm-none-eabi/7.3.1/../../../../arm-none-eabi/lib/thumb/v6-m\libc_nano.a(lib_a-impure.o)
                              c:/st/stm32cubeide_1.2.0/stm32cubeide/plugins/com.st.stm32cube.ide.mcu.externaltools.gnu-tools-for-stm32.7-2018-q2-update.win32_1.0.0.201904181610/tools/bin/../lib/gcc/arm-none-eabi/7.3.1/../../../../arm-none-eabi/lib/thumb/v6-m\libc_nano.a(lib_a-exit.o) (_global_impure_ptr)
c:/st/stm32cubeide_1.2.0/stm32cubeide/plugins/com.st.stm32cube.ide.mcu.externaltools.gnu-tools-for-stm32.7-2018-q2-update.win32_1.0.0.201904181610/tools/bin/../lib/gcc/arm-none-eabi/7.3.1/../../../../arm-none-eabi/lib/thumb/v6-m\libc_nano.a(lib_a-init.o)
                              c:/st/stm32cubeide_1.2.0/stm32cubeide/plugins/com.st.stm32cube.ide.mcu.externaltools.gnu-tools-for-stm32.7-2018-q2-update.win32_1.0.0.201904181610/tools/bin/../lib/gcc/arm-none-eabi/7.3.1/../../../../arm-none-eabi/lib/thumb/v6-m/crt0.o (__libc_init_array)
c:/st/stm32cubeide_1.2.0/stm32cubeide/plugins/com.st.stm32cube.ide.mcu.externaltools.gnu-tools-for-stm32.7-2018-q2-update.win32_1.0.0.201904181610/tools/bin/../lib/gcc/arm-none-eabi/7.3.1/../../../../arm-none-eabi/lib/thumb/v6-m\libc_nano.a(lib_a-memset.o)
                              c:/st/stm32cubeide_1.2.0/stm32cubeide/plugins/com.st.stm32cube.ide.mcu.externaltools.gnu-tools-for-stm32.7-2018-q2-update.win32_1.0.0.201904181610/tools/bin/../lib/gcc/arm-none-eabi/7.3.1/../../../../arm-none-eabi/lib/thumb/v6-m/crt0.o (memset)
c:/st/stm32cubeide_1.2.0/stm32cubeide/plugins/com.st.stm32cube.ide.mcu.externaltools.gnu-tools-for-stm32.7-2018-q2-update.win32_1.0.0.201904181610/tools/bin/../lib/gcc/arm-none-eabi/7.3.1/thumb/v6-m\libgcc.a(_udivsi3.o)
                              Core/Src/system_stm32g0xx.o (__aeabi_uidiv)
c:/st/stm32cubeide_1.2.0/stm32cubeide/plugins/com.st.stm32cube.ide.mcu.externaltools.gnu-tools-for-stm32.7-2018-q2-update.win32_1.0.0.201904181610/tools/bin/../lib/gcc/arm-none-eabi/7.3.1/thumb/v6-m\libgcc.a(_dvmd_tls.o)
                              c:/st/stm32cubeide_1.2.0/stm32cubeide/plugins/com.st.stm32cube.ide.mcu.externaltools.gnu-tools-for-stm32.7-2018-q2-update.win32_1.0.0.201904181610/tools/bin/../lib/gcc/arm-none-eabi/7.3.1/thumb/v6-m\libgcc.a(_udivsi3.o) (__aeabi_idiv0)
c:/st/stm32cubeide_1.2.0/stm32cubeide/plugins/com.st.stm32cube.ide.mcu.externaltools.gnu-tools-for-stm32.7-2018-q2-update.win32_1.0.0.201904181610/tools/bin/../lib/gcc/arm-none-eabi/7.3.1/thumb/v6-m\libgcc.a(_fixunssfsi.o)
                              Core/Src/CapacitiveSensor.o (__aeabi_f2uiz)
c:/st/stm32cubeide_1.2.0/stm32cubeide/plugins/com.st.stm32cube.ide.mcu.externaltools.gnu-tools-for-stm32.7-2018-q2-update.win32_1.0.0.201904181610/tools/bin/../lib/gcc/arm-none-eabi/7.3.1/thumb/v6-m\libgcc.a(divsf3.o)
                              Core/Src/CapacitiveSensor.o (__aeabi_fdiv)
c:/st/stm32cubeide_1.2.0/stm32cubeide/plugins/com.st.stm32cube.ide.mcu.externaltools.gnu-tools-for-stm32.7-2018-q2-update.win32_1.0.0.201904181610/tools/bin/../lib/gcc/arm-none-eabi/7.3.1/thumb/v6-m\libgcc.a(mulsf3.o)
                              Core/Src/CapacitiveSensor.o (__aeabi_fmul)
c:/st/stm32cubeide_1.2.0/stm32cubeide/plugins/com.st.stm32cube.ide.mcu.externaltools.gnu-tools-for-stm32.7-2018-q2-update.win32_1.0.0.201904181610/tools/bin/../lib/gcc/arm-none-eabi/7.3.1/thumb/v6-m\libgcc.a(subsf3.o)
                              c:/st/stm32cubeide_1.2.0/stm32cubeide/plugins/com.st.stm32cube.ide.mcu.externaltools.gnu-tools-for-stm32.7-2018-q2-update.win32_1.0.0.201904181610/tools/bin/../lib/gcc/arm-none-eabi/7.3.1/thumb/v6-m\libgcc.a(_fixunssfsi.o) (__aeabi_fsub)
c:/st/stm32cubeide_1.2.0/stm32cubeide/plugins/com.st.stm32cube.ide.mcu.externaltools.gnu-tools-for-stm32.7-2018-q2-update.win32_1.0.0.201904181610/tools/bin/../lib/gcc/arm-none-eabi/7.3.1/thumb/v6-m\libgcc.a(fixsfsi.o)
[...]
Memory Configuration

Name             Origin             Length             Attributes
RAM              0x0000000020000000 0x0000000000002000 xrw
FLASH            0x0000000008000000 0x0000000000008000 xr
*default*        0x0000000000000000 0xffffffffffffffff

Linker script and memory map

LOAD c:/st/stm32cubeide_1.2.0/stm32cubeide/plugins/com.st.stm32cube.ide.mcu.externaltools.gnu-tools-for-stm32.7-2018-q2-update.win32_1.0.0.201904181610/tools/bin/../lib/gcc/arm-none-eabi/7.3.1/thumb/v6-m/crti.o
LOAD c:/st/stm32cubeide_1.2.0/stm32cubeide/plugins/com.st.stm32cube.ide.mcu.externaltools.gnu-tools-for-stm32.7-2018-q2-update.win32_1.0.0.201904181610/tools/bin/../lib/gcc/arm-none-eabi/7.3.1/thumb/v6-m/crtbegin.o
LOAD c:/st/stm32cubeide_1.2.0/stm32cubeide/plugins/com.st.stm32cube.ide.mcu.externaltools.gnu-tools-for-stm32.7-2018-q2-update.win32_1.0.0.201904181610/tools/bin/../lib/gcc/arm-none-eabi/7.3.1/../../../../arm-none-eabi/lib/thumb/v6-m/crt0.o
LOAD Core/Src/CapacitiveSensor.o
LOAD Core/Src/LED.o
LOAD Core/Src/main.o
LOAD Core/Src/stm32g0xx_hal_msp.o
LOAD Core/Src/stm32g0xx_it.o
LOAD Core/Src/syscalls.o
LOAD Core/Src/sysmem.o
LOAD Core/Src/system_stm32g0xx.o
LOAD Core/Startup/startup_stm32g031j6mx.o
LOAD Drivers/STM32G0xx_HAL_Driver/Src/stm32g0xx_hal.o
LOAD Drivers/STM32G0xx_HAL_Driver/Src/stm32g0xx_hal_cortex.o
LOAD Drivers/STM32G0xx_HAL_Driver/Src/stm32g0xx_hal_dma.o
LOAD Drivers/STM32G0xx_HAL_Driver/Src/stm32g0xx_hal_dma_ex.o
LOAD Drivers/STM32G0xx_HAL_Driver/Src/stm32g0xx_hal_exti.o
LOAD Drivers/STM32G0xx_HAL_Driver/Src/stm32g0xx_hal_flash.o
LOAD Drivers/STM32G0xx_HAL_Driver/Src/stm32g0xx_hal_flash_ex.o
LOAD Drivers/STM32G0xx_HAL_Driver/Src/stm32g0xx_hal_gpio.o
LOAD Drivers/STM32G0xx_HAL_Driver/Src/stm32g0xx_hal_pwr.o
LOAD Drivers/STM32G0xx_HAL_Driver/Src/stm32g0xx_hal_pwr_ex.o
LOAD Drivers/STM32G0xx_HAL_Driver/Src/stm32g0xx_hal_rcc.o
LOAD Drivers/STM32G0xx_HAL_Driver/Src/stm32g0xx_hal_rcc_ex.o
LOAD Drivers/STM32G0xx_HAL_Driver/Src/stm32g0xx_hal_tim.o
LOAD Drivers/STM32G0xx_HAL_Driver/Src/stm32g0xx_hal_tim_ex.o
LOAD Drivers/STM32G0xx_HAL_Driver/Src/stm32g0xx_ll_rcc.o
START GROUP
LOAD c:/st/stm32cubeide_1.2.0/stm32cubeide/plugins/com.st.stm32cube.ide.mcu.externaltools.gnu-tools-for-stm32.7-2018-q2-update.win32_1.0.0.201904181610/tools/bin/../lib/gcc/arm-none-eabi/7.3.1/../../../../arm-none-eabi/lib/thumb/v6-m\libc_nano.a
LOAD c:/st/stm32cubeide_1.2.0/stm32cubeide/plugins/com.st.stm32cube.ide.mcu.externaltools.gnu-tools-for-stm32.7-2018-q2-update.win32_1.0.0.201904181610/tools/bin/../lib/gcc/arm-none-eabi/7.3.1/../../../../arm-none-eabi/lib/thumb/v6-m\libm.a
END GROUP
START GROUP
LOAD c:/st/stm32cubeide_1.2.0/stm32cubeide/plugins/com.st.stm32cube.ide.mcu.externaltools.gnu-tools-for-stm32.7-2018-q2-update.win32_1.0.0.201904181610/tools/bin/../lib/gcc/arm-none-eabi/7.3.1/thumb/v6-m\libgcc.a
LOAD c:/st/stm32cubeide_1.2.0/stm32cubeide/plugins/com.st.stm32cube.ide.mcu.externaltools.gnu-tools-for-stm32.7-2018-q2-update.win32_1.0.0.201904181610/tools/bin/../lib/gcc/arm-none-eabi/7.3.1/../../../../arm-none-eabi/lib/thumb/v6-m\libc_nano.a
END GROUP
START GROUP
LOAD c:/st/stm32cubeide_1.2.0/stm32cubeide/plugins/com.st.stm32cube.ide.mcu.externaltools.gnu-tools-for-stm32.7-2018-q2-update.win32_1.0.0.201904181610/tools/bin/../lib/gcc/arm-none-eabi/7.3.1/thumb/v6-m\libgcc.a
LOAD c:/st/stm32cubeide_1.2.0/stm32cubeide/plugins/com.st.stm32cube.ide.mcu.externaltools.gnu-tools-for-stm32.7-2018-q2-update.win32_1.0.0.201904181610/tools/bin/../lib/gcc/arm-none-eabi/7.3.1/../../../../arm-none-eabi/lib/thumb/v6-m\libc_nano.a
LOAD c:/st/stm32cubeide_1.2.0/stm32cubeide/plugins/com.st.stm32cube.ide.mcu.externaltools.gnu-tools-for-stm32.7-2018-q2-update.win32_1.0.0.201904181610/tools/bin/../lib/gcc/arm-none-eabi/7.3.1/../../../../arm-none-eabi/lib/thumb/v6-m\libnosys.a
END GROUP
START GROUP
LOAD c:/st/stm32cubeide_1.2.0/stm32cubeide/plugins/com.st.stm32cube.ide.mcu.externaltools.gnu-tools-for-stm32.7-2018-q2-update.win32_1.0.0.201904181610/tools/bin/../lib/gcc/arm-none-eabi/7.3.1/thumb/v6-m\libgcc.a
LOAD c:/st/stm32cubeide_1.2.0/stm32cubeide/plugins/com.st.stm32cube.ide.mcu.externaltools.gnu-tools-for-stm32.7-2018-q2-update.win32_1.0.0.201904181610/tools/bin/../lib/gcc/arm-none-eabi/7.3.1/../../../../arm-none-eabi/lib/thumb/v6-m\libc_nano.a
LOAD c:/st/stm32cubeide_1.2.0/stm32cubeide/plugins/com.st.stm32cube.ide.mcu.externaltools.gnu-tools-for-stm32.7-2018-q2-update.win32_1.0.0.201904181610/tools/bin/../lib/gcc/arm-none-eabi/7.3.1/../../../../arm-none-eabi/lib/thumb/v6-m\libnosys.a
END GROUP
LOAD c:/st/stm32cubeide_1.2.0/stm32cubeide/plugins/com.st.stm32cube.ide.mcu.externaltools.gnu-tools-for-stm32.7-2018-q2-update.win32_1.0.0.201904181610/tools/bin/../lib/gcc/arm-none-eabi/7.3.1/thumb/v6-m/crtend.o
LOAD c:/st/stm32cubeide_1.2.0/stm32cubeide/plugins/com.st.stm32cube.ide.mcu.externaltools.gnu-tools-for-stm32.7-2018-q2-update.win32_1.0.0.201904181610/tools/bin/../lib/gcc/arm-none-eabi/7.3.1/thumb/v6-m/crtn.o
                0x0000000020002000                _estack = (ORIGIN (RAM) + LENGTH (RAM))
                0x0000000000000200                _Min_Heap_Size = 0x200
                0x0000000000000400                _Min_Stack_Size = 0x400

.isr_vector     0x0000000008000000       0xbc
                0x0000000008000000                . = ALIGN (0x4)
 *(.isr_vector)
 .isr_vector    0x0000000008000000       0xbc Core/Startup/startup_stm32g031j6mx.o
                0x0000000008000000                g_pfnVectors
                0x00000000080000bc                . = ALIGN (0x4)

.text           0x00000000080000bc     0x29a8
                0x00000000080000bc                . = ALIGN (0x4)
 *(.text)
 .text          0x00000000080000bc       0x48 c:/st/stm32cubeide_1.2.0/stm32cubeide/plugins/com.st.stm32cube.ide.mcu.externaltools.gnu-tools-for-stm32.7-2018-q2-update.win32_1.0.0.201904181610/tools/bin/../lib/gcc/arm-none-eabi/7.3.1/thumb/v6-m/crtbegin.o
 .text          0x0000000008000104      0x114 c:/st/stm32cubeide_1.2.0/stm32cubeide/plugins/com.st.stm32cube.ide.mcu.externaltools.gnu-tools-for-stm32.7-2018-q2-update.win32_1.0.0.201904181610/tools/bin/../lib/gcc/arm-none-eabi/7.3.1/thumb/v6-m\libgcc.a(_udivsi3.o)
                0x0000000008000104                __aeabi_uidiv
                0x0000000008000104                __udivsi3
                0x0000000008000210                __aeabi_uidivmod
 .text          0x0000000008000218        0x4 c:/st/stm32cubeide_1.2.0/stm32cubeide/plugins/com.st.stm32cube.ide.mcu.externaltools.gnu-tools-for-stm32.7-2018-q2-update.win32_1.0.0.201904181610/tools/bin/../lib/gcc/arm-none-eabi/7.3.1/thumb/v6-m\libgcc.a(_dvmd_tls.o)
                0x0000000008000218                __aeabi_idiv0
                0x0000000008000218                __aeabi_ldiv0
 .text          0x000000000800021c       0x30 c:/st/stm32cubeide_1.2.0/stm32cubeide/plugins/com.st.stm32cube.ide.mcu.externaltools.gnu-tools-for-stm32.7-2018-q2-update.win32_1.0.0.201904181610/tools/bin/../lib/gcc/arm-none-eabi/7.3.1/thumb/v6-m\libgcc.a(_fixunssfsi.o)
                0x000000000800021c                __fixunssfsi
                0x000000000800021c                __aeabi_f2uiz
 .text          0x000000000800024c      0x224 c:/st/stm32cubeide_1.2.0/stm32cubeide/plugins/com.st.stm32cube.ide.mcu.externaltools.gnu-tools-for-stm32.7-2018-q2-update.win32_1.0.0.201904181610/tools/bin/../lib/gcc/arm-none-eabi/7.3.1/thumb/v6-m\libgcc.a(divsf3.o)
                0x000000000800024c                __aeabi_fdiv
 .text          0x0000000008000470      0x264 c:/st/stm32cubeide_1.2.0/stm32cubeide/plugins/com.st.stm32cube.ide.mcu.externaltools.gnu-tools-for-stm32.7-2018-q2-update.win32_1.0.0.201904181610/tools/bin/../lib/gcc/arm-none-eabi/7.3.1/thumb/v6-m\libgcc.a(mulsf3.o)
                0x0000000008000470                __aeabi_fmul
 .text          0x00000000080006d4      0x388 c:/st/stm32cubeide_1.2.0/stm32cubeide/plugins/com.st.stm32cube.ide.mcu.externaltools.gnu-tools-for-stm32.7-2018-q2-update.win32_1.0.0.201904181610/tools/bin/../lib/gcc/arm-none-eabi/7.3.1/thumb/v6-m\libgcc.a(subsf3.o)
                0x00000000080006d4                __aeabi_fsub
 .text          0x0000000008000a5c       0x40 c:/st/stm32cubeide_1.2.0/stm32cubeide/plugins/com.st.stm32cube.ide.mcu.externaltools.gnu-tools-for-stm32.7-2018-q2-update.win32_1.0.0.201904181610/tools/bin/../lib/gcc/arm-none-eabi/7.3.1/thumb/v6-m\libgcc.a(fixsfsi.o)
                0x0000000008000a5c                __aeabi_f2iz
 .text          0x0000000008000a9c       0x80 c:/st/stm32cubeide_1.2.0/stm32cubeide/plugins/com.st.stm32cube.ide.mcu.externaltools.gnu-tools-for-stm32.7-2018-q2-update.win32_1.0.0.201904181610/tools/bin/../lib/gcc/arm-none-eabi/7.3.1/thumb/v6-m\libgcc.a(floatunsisf.o)
                0x0000000008000a9c                __aeabi_ui2f
 .text          0x0000000008000b1c       0x74 c:/st/stm32cubeide_1.2.0/stm32cubeide/plugins/com.st.stm32cube.ide.mcu.externaltools.gnu-tools-for-stm32.7-2018-q2-update.win32_1.0.0.201904181610/tools/bin/../lib/gcc/arm-none-eabi/7.3.1/thumb/v6-m\libgcc.a(_arm_cmpsf2.o)
                0x0000000008000b1c                __aeabi_cfrcmple
                0x0000000008000b24                __aeabi_cfcmpeq
                0x0000000008000b24                __aeabi_cfcmple
                0x0000000008000b34                __aeabi_fcmpeq
                0x0000000008000b40                __aeabi_fcmplt
                0x0000000008000b54                __aeabi_fcmple
                0x0000000008000b68                __aeabi_fcmpgt
                0x0000000008000b7c                __aeabi_fcmpge
 .text          0x0000000008000b90       0x3c c:/st/stm32cubeide_1.2.0/stm32cubeide/plugins/com.st.stm32cube.ide.mcu.externaltools.gnu-tools-for-stm32.7-2018-q2-update.win32_1.0.0.201904181610/tools/bin/../lib/gcc/arm-none-eabi/7.3.1/thumb/v6-m\libgcc.a(_clzsi2.o)
                0x0000000008000b90                __clzsi2
 .text          0x0000000008000bcc       0x50 c:/st/stm32cubeide_1.2.0/stm32cubeide/plugins/com.st.stm32cube.ide.mcu.externaltools.gnu-tools-for-stm32.7-2018-q2-update.win32_1.0.0.201904181610/tools/bin/../lib/gcc/arm-none-eabi/7.3.1/thumb/v6-m\libgcc.a(eqsf2.o)
                0x0000000008000bcc                __eqsf2
                0x0000000008000bcc                __nesf2
 .text          0x0000000008000c1c       0x9c c:/st/stm32cubeide_1.2.0/stm32cubeide/plugins/com.st.stm32cube.ide.mcu.externaltools.gnu-tools-for-stm32.7-2018-q2-update.win32_1.0.0.201904181610/tools/bin/../lib/gcc/arm-none-eabi/7.3.1/thumb/v6-m\libgcc.a(gesf2.o)
                0x0000000008000c1c                __gesf2
                0x0000000008000c1c                __gtsf2
 .text          0x0000000008000cb8       0xa0 c:/st/stm32cubeide_1.2.0/stm32cubeide/plugins/com.st.stm32cube.ide.mcu.externaltools.gnu-tools-for-stm32.7-2018-q2-update.win32_1.0.0.201904181610/tools/bin/../lib/gcc/arm-none-eabi/7.3.1/thumb/v6-m\libgcc.a(lesf2.o)
                0x0000000008000cb8                __ltsf2
                0x0000000008000cb8                __lesf2
 *(.text*)
 .text.CapacitiveSensorinit
                0x0000000008000d58       0xd4 Core/Src/CapacitiveSensor.o
                0x0000000008000d58                CapacitiveSensorinit
 .text.capacitiveSensorRaw
                0x0000000008000e2c       0x84 Core/Src/CapacitiveSensor.o
                0x0000000008000e2c                capacitiveSensorRaw
 .text.SenseOneCycle
                0x0000000008000eb0      0x14c Core/Src/CapacitiveSensor.o
                0x0000000008000eb0                SenseOneCycle
 .text.delayMicroseconds
                0x0000000008000ffc       0x2e Core/Src/CapacitiveSensor.o
                0x0000000008000ffc                delayMicroseconds
 .text.SystemClock_Config2
                0x000000000800102a       0xbc Core/Src/CapacitiveSensor.o
                0x000000000800102a                SystemClock_Config2
 .text.SystemClock_Decrease
                0x00000000080010e6       0x7c Core/Src/CapacitiveSensor.o
                0x00000000080010e6                SystemClock_Decrease
 .text.MX_GPIO_Deinit
                0x0000000008001162       0x2e Core/Src/CapacitiveSensor.o
                0x0000000008001162                MX_GPIO_Deinit
 .text.MX_GPIO_Init
                0x0000000008001190       0xec Core/Src/CapacitiveSensor.o
                0x0000000008001190                MX_GPIO_Init
 .text.initTaster
                0x000000000800127c       0x60 Core/Src/CapacitiveSensor.o
                0x000000000800127c                initTaster
 .text.deinitTaster
                0x00000000080012dc       0x16 Core/Src/CapacitiveSensor.o
                0x00000000080012dc                deinitTaster
 .text.NextState
                0x00000000080012f2       0x58 Core/Src/CapacitiveSensor.o
                0x00000000080012f2                NextState
 .text.sleep    0x000000000800134a       0x5c Core/Src/CapacitiveSensor.o
                0x000000000800134a                sleep
 .text.checksleepMode
                0x00000000080013a6       0x16 Core/Src/CapacitiveSensor.o
                0x00000000080013a6                checksleepMode
 .text.LEDRED   0x00000000080013bc       0x78 Core/Src/LED.o
                0x00000000080013bc                LEDRED
 .text.LEDGREEN
                0x0000000008001434       0x74 Core/Src/LED.o
                0x0000000008001434                LEDGREEN
 .text.LEDYELLOW
                0x00000000080014a8       0x78 Core/Src/LED.o
                0x00000000080014a8                LEDYELLOW
 .text.LEDCLEAN
                0x0000000008001520       0x28 Core/Src/LED.o
                0x0000000008001520                LEDCLEAN
 .text.main     0x0000000008001548       0x88 Core/Src/main.o
                0x0000000008001548                main
 .text.SystemClock_Config
                0x00000000080015d0       0x90 Core/Src/main.o
                0x00000000080015d0                SystemClock_Config
 .text.MX_GPIO_Init
                0x0000000008001660       0xec Core/Src/main.o
 .text.Error_Handler
                0x000000000800174c        0xa Core/Src/main.o
                0x000000000800174c                Error_Handler
 *fill*         0x0000000008001756        0x2 
 .text.HAL_MspInit
                0x0000000008001758       0x48 Core/Src/stm32g0xx_hal_msp.o
                0x0000000008001758                HAL_MspInit
 .text.NMI_Handler
                0x00000000080017a0        0xa Core/Src/stm32g0xx_it.o
                0x00000000080017a0                NMI_Handler
 .text.HardFault_Handler
                0x00000000080017aa        0x6 Core/Src/stm32g0xx_it.o
                0x00000000080017aa                HardFault_Handler
 .text.SVC_Handler
                0x00000000080017b0        0xa Core/Src/stm32g0xx_it.o
                0x00000000080017b0                SVC_Handler
 .text.PendSV_Handler
                0x00000000080017ba        0xa Core/Src/stm32g0xx_it.o
                0x00000000080017ba                PendSV_Handler
 .text.SysTick_Handler
                0x00000000080017c4        0xe Core/Src/stm32g0xx_it.o
                0x00000000080017c4                SysTick_Handler
 *fill*         0x00000000080017d2        0x2 
 .text.SystemInit
                0x00000000080017d4       0x18 Core/Src/system_stm32g0xx.o
                0x00000000080017d4                SystemInit
 .text.Reset_Handler
                0x00000000080017ec       0x50 Core/Startup/startup_stm32g031j6mx.o
                0x00000000080017ec                Reset_Handler
 .text.Default_Handler
                0x000000000800183c        0x2 Core/Startup/startup_stm32g031j6mx.o
                0x000000000800183c                TIM1_CC_IRQHandler
                0x000000000800183c                PVD_IRQHandler
                0x000000000800183c                I2C1_IRQHandler
                0x000000000800183c                LPTIM2_IRQHandler
                0x000000000800183c                RTC_TAMP_IRQHandler
                0x000000000800183c                SPI1_IRQHandler
                0x000000000800183c                DMA1_Ch4_5_DMAMUX1_OVR_IRQHandler
                0x000000000800183c                EXTI2_3_IRQHandler
                0x000000000800183c                ADC1_IRQHandler
                0x000000000800183c                I2C2_IRQHandler
                0x000000000800183c                TIM17_IRQHandler
                0x000000000800183c                TIM16_IRQHandler
                0x000000000800183c                TIM3_IRQHandler
                0x000000000800183c                EXTI4_15_IRQHandler
                0x000000000800183c                RCC_IRQHandler
                0x000000000800183c                DMA1_Channel1_IRQHandler
                0x000000000800183c                Default_Handler
                0x000000000800183c                TIM14_IRQHandler
                0x000000000800183c                EXTI0_1_IRQHandler
                0x000000000800183c                SPI2_IRQHandler
                0x000000000800183c                WWDG_IRQHandler
                0x000000000800183c                LPUART1_IRQHandler
                0x000000000800183c                TIM2_IRQHandler
                0x000000000800183c                DMA1_Channel2_3_IRQHandler
                0x000000000800183c                USART2_IRQHandler
                0x000000000800183c                FLASH_IRQHandler
                0x000000000800183c                USART1_IRQHandler
                0x000000000800183c                TIM1_BRK_UP_TRG_COM_IRQHandler
                0x000000000800183c                LPTIM1_IRQHandler
 *fill*         0x000000000800183e        0x2 
 .text.HAL_Init
                0x0000000008001840       0x40 Drivers/STM32G0xx_HAL_Driver/Src/stm32g0xx_hal.o
                0x0000000008001840                HAL_Init
 .text.HAL_InitTick
                0x0000000008001880       0x94 Drivers/STM32G0xx_HAL_Driver/Src/stm32g0xx_hal.o
                0x0000000008001880                HAL_InitTick
 .text.HAL_IncTick
                0x0000000008001914       0x20 Drivers/STM32G0xx_HAL_Driver/Src/stm32g0xx_hal.o
                0x0000000008001914                HAL_IncTick
 .text.HAL_GetTick
                0x0000000008001934       0x14 Drivers/STM32G0xx_HAL_Driver/Src/stm32g0xx_hal.o
                0x0000000008001934                HAL_GetTick
 .text.HAL_Delay
                0x0000000008001948       0x44 Drivers/STM32G0xx_HAL_Driver/Src/stm32g0xx_hal.o
                0x0000000008001948                HAL_Delay
 .text.__NVIC_SetPriority
                0x000000000800198c       0xdc Drivers/STM32G0xx_HAL_Driver/Src/stm32g0xx_hal_cortex.o
 .text.SysTick_Config
                0x0000000008001a68       0x48 Drivers/STM32G0xx_HAL_Driver/Src/stm32g0xx_hal_cortex.o
 .text.HAL_NVIC_SetPriority
                0x0000000008001ab0       0x2a Drivers/STM32G0xx_HAL_Driver/Src/stm32g0xx_hal_cortex.o
                0x0000000008001ab0                HAL_NVIC_SetPriority
 .text.HAL_SYSTICK_Config
                0x0000000008001ada       0x1a Drivers/STM32G0xx_HAL_Driver/Src/stm32g0xx_hal_cortex.o
                0x0000000008001ada                HAL_SYSTICK_Config
 .text.HAL_GPIO_Init
                0x0000000008001af4      0x2c8 Drivers/STM32G0xx_HAL_Driver/Src/stm32g0xx_hal_gpio.o
                0x0000000008001af4                HAL_GPIO_Init
 .text.HAL_GPIO_DeInit
                0x0000000008001dbc      0x1a0 Drivers/STM32G0xx_HAL_Driver/Src/stm32g0xx_hal_gpio.o
                0x0000000008001dbc                HAL_GPIO_DeInit
 .text.HAL_GPIO_WritePin
                0x0000000008001f5c       0x3a Drivers/STM32G0xx_HAL_Driver/Src/stm32g0xx_hal_gpio.o
                0x0000000008001f5c                HAL_GPIO_WritePin
 *fill*         0x0000000008001f96        0x2 
 .text.HAL_PWREx_ControlVoltageScaling
                0x0000000008001f98       0x80 Drivers/STM32G0xx_HAL_Driver/Src/stm32g0xx_hal_pwr_ex.o
                0x0000000008001f98                HAL_PWREx_ControlVoltageScaling
 .text.HAL_PWREx_EnableLowPowerRunMode
                0x0000000008002018       0x1c Drivers/STM32G0xx_HAL_Driver/Src/stm32g0xx_hal_pwr_ex.o
                0x0000000008002018                HAL_PWREx_EnableLowPowerRunMode
 .text.HAL_PWREx_DisableLowPowerRunMode
                0x0000000008002034       0x6c Drivers/STM32G0xx_HAL_Driver/Src/stm32g0xx_hal_pwr_ex.o
                0x0000000008002034                HAL_PWREx_DisableLowPowerRunMode
 .text.HAL_RCC_OscConfig
                0x00000000080020a0      0x640 Drivers/STM32G0xx_HAL_Driver/Src/stm32g0xx_hal_rcc.o
                0x00000000080020a0                HAL_RCC_OscConfig
 .text.HAL_RCC_ClockConfig
                0x00000000080026e0      0x210 Drivers/STM32G0xx_HAL_Driver/Src/stm32g0xx_hal_rcc.o
                0x00000000080026e0                HAL_RCC_ClockConfig
 .text.HAL_RCC_GetSysClockFreq
                0x00000000080028f0      0x104 Drivers/STM32G0xx_HAL_Driver/Src/stm32g0xx_hal_rcc.o
                0x00000000080028f0                HAL_RCC_GetSysClockFreq
 .text.__libc_init_array
                0x00000000080029f4       0x48 c:/st/stm32cubeide_1.2.0/stm32cubeide/plugins/com.st.stm32cube.ide.mcu.externaltools.gnu-tools-for-stm32.7-2018-q2-update.win32_1.0.0.201904181610/tools/bin/../lib/gcc/arm-none-eabi/7.3.1/../../../../arm-none-eabi/lib/thumb/v6-m\libc_nano.a(lib_a-init.o)
                0x00000000080029f4                __libc_init_array
 .text.memset   0x0000000008002a3c       0x10 c:/st/stm32cubeide_1.2.0/stm32cubeide/plugins/com.st.stm32cube.ide.mcu.externaltools.gnu-tools-for-stm32.7-2018-q2-update.win32_1.0.0.201904181610/tools/bin/../lib/gcc/arm-none-eabi/7.3.1/../../../../arm-none-eabi/lib/thumb/v6-m\libc_nano.a(lib_a-memset.o)
                0x0000000008002a3c                memset
 *(.glue_7)
 .glue_7        0x0000000008002a4c        0x0 linker stubs
 *(.glue_7t)
 .glue_7t       0x0000000008002a4c        0x0 linker stubs
 *(.eh_frame)
 .eh_frame      0x0000000008002a4c        0x0 c:/st/stm32cubeide_1.2.0/stm32cubeide/plugins/com.st.stm32cube.ide.mcu.externaltools.gnu-tools-for-stm32.7-2018-q2-update.win32_1.0.0.201904181610/tools/bin/../lib/gcc/arm-none-eabi/7.3.1/thumb/v6-m/crtbegin.o
 *(.init)
 .init          0x0000000008002a4c        0x4 c:/st/stm32cubeide_1.2.0/stm32cubeide/plugins/com.st.stm32cube.ide.mcu.externaltools.gnu-tools-for-stm32.7-2018-q2-update.win32_1.0.0.201904181610/tools/bin/../lib/gcc/arm-none-eabi/7.3.1/thumb/v6-m/crti.o
                0x0000000008002a4c                _init
 .init          0x0000000008002a50        0x8 c:/st/stm32cubeide_1.2.0/stm32cubeide/plugins/com.st.stm32cube.ide.mcu.externaltools.gnu-tools-for-stm32.7-2018-q2-update.win32_1.0.0.201904181610/tools/bin/../lib/gcc/arm-none-eabi/7.3.1/thumb/v6-m/crtn.o
 *(.fini)
 .fini          0x0000000008002a58        0x4 c:/st/stm32cubeide_1.2.0/stm32cubeide/plugins/com.st.stm32cube.ide.mcu.externaltools.gnu-tools-for-stm32.7-2018-q2-update.win32_1.0.0.201904181610/tools/bin/../lib/gcc/arm-none-eabi/7.3.1/thumb/v6-m/crti.o
                0x0000000008002a58                _fini
 .fini          0x0000000008002a5c        0x8 c:/st/stm32cubeide_1.2.0/stm32cubeide/plugins/com.st.stm32cube.ide.mcu.externaltools.gnu-tools-for-stm32.7-2018-q2-update.win32_1.0.0.201904181610/tools/bin/../lib/gcc/arm-none-eabi/7.3.1/thumb/v6-m/crtn.o
                0x0000000008002a64                . = ALIGN (0x4)
                0x0000000008002a64                _etext = .

.vfp11_veneer   0x0000000008002a64        0x0
 .vfp11_veneer  0x0000000008002a64        0x0 linker stubs

.v4_bx          0x0000000008002a64        0x0
 .v4_bx         0x0000000008002a64        0x0 linker stubs

.iplt           0x0000000008002a64        0x0
 .iplt          0x0000000008002a64        0x0 c:/st/stm32cubeide_1.2.0/stm32cubeide/plugins/com.st.stm32cube.ide.mcu.externaltools.gnu-tools-for-stm32.7-2018-q2-update.win32_1.0.0.201904181610/tools/bin/../lib/gcc/arm-none-eabi/7.3.1/thumb/v6-m/crtbegin.o

.rodata         0x0000000008002a64      0x100
                0x0000000008002a64                . = ALIGN (0x4)
 *(.rodata)
 .rodata        0x0000000008002a64       0x80 c:/st/stm32cubeide_1.2.0/stm32cubeide/plugins/com.st.stm32cube.ide.mcu.externaltools.gnu-tools-for-stm32.7-2018-q2-update.win32_1.0.0.201904181610/tools/bin/../lib/gcc/arm-none-eabi/7.3.1/thumb/v6-m\libgcc.a(divsf3.o)
 .rodata        0x0000000008002ae4       0x40 c:/st/stm32cubeide_1.2.0/stm32cubeide/plugins/com.st.stm32cube.ide.mcu.externaltools.gnu-tools-for-stm32.7-2018-q2-update.win32_1.0.0.201904181610/tools/bin/../lib/gcc/arm-none-eabi/7.3.1/thumb/v6-m\libgcc.a(mulsf3.o)
 *(.rodata*)
 .rodata.AHBPrescTable
                0x0000000008002b24       0x40 Core/Src/system_stm32g0xx.o
                0x0000000008002b24                AHBPrescTable
                0x0000000008002b64                . = ALIGN (0x4)

.rel.dyn        0x0000000008002b64        0x0
 .rel.iplt      0x0000000008002b64        0x0 c:/st/stm32cubeide_1.2.0/stm32cubeide/plugins/com.st.stm32cube.ide.mcu.externaltools.gnu-tools-for-stm32.7-2018-q2-update.win32_1.0.0.201904181610/tools/bin/../lib/gcc/arm-none-eabi/7.3.1/thumb/v6-m/crtbegin.o

.ARM.extab      0x0000000008002b64        0x0
                0x0000000008002b64                . = ALIGN (0x4)
 *(.ARM.extab* .gnu.linkonce.armextab.*)
                0x0000000008002b64                . = ALIGN (0x4)

.ARM            0x0000000008002b64        0x0
                0x0000000008002b64                . = ALIGN (0x4)
                0x0000000008002b64                __exidx_start = .
 *(.ARM.exidx*)
                0x0000000008002b64                __exidx_end = .
                0x0000000008002b64                . = ALIGN (0x4)

.preinit_array  0x0000000008002b64        0x0
                0x0000000008002b64                . = ALIGN (0x4)
                0x0000000008002b64                PROVIDE (__preinit_array_start = .)
 *(.preinit_array*)
                0x0000000008002b64                PROVIDE (__preinit_array_end = .)
                0x0000000008002b64                . = ALIGN (0x4)

.init_array     0x0000000008002b64        0x4
                0x0000000008002b64                . = ALIGN (0x4)
                0x0000000008002b64                PROVIDE (__init_array_start = .)
 *(SORT_BY_NAME(.init_array.*))
 *(.init_array*)
 .init_array    0x0000000008002b64        0x4 c:/st/stm32cubeide_1.2.0/stm32cubeide/plugins/com.st.stm32cube.ide.mcu.externaltools.gnu-tools-for-stm32.7-2018-q2-update.win32_1.0.0.201904181610/tools/bin/../lib/gcc/arm-none-eabi/7.3.1/thumb/v6-m/crtbegin.o
                0x0000000008002b68                PROVIDE (__init_array_end = .)
                0x0000000008002b68                . = ALIGN (0x4)

.fini_array     0x0000000008002b68        0x4
                0x0000000008002b68                . = ALIGN (0x4)
                [!provide]                        PROVIDE (__fini_array_start = .)
 *(SORT_BY_NAME(.fini_array.*))
 *(.fini_array*)
 .fini_array    0x0000000008002b68        0x4 c:/st/stm32cubeide_1.2.0/stm32cubeide/plugins/com.st.stm32cube.ide.mcu.externaltools.gnu-tools-for-stm32.7-2018-q2-update.win32_1.0.0.201904181610/tools/bin/../lib/gcc/arm-none-eabi/7.3.1/thumb/v6-m/crtbegin.o
                [!provide]                        PROVIDE (__fini_array_end = .)
                0x0000000008002b6c                . = ALIGN (0x4)
                0x0000000008002b6c                _sidata = LOADADDR (.data)

.data           0x0000000020000000        0xc load address 0x0000000008002b6c
                0x0000000020000000                . = ALIGN (0x4)
                0x0000000020000000                _sdata = .
 *(.data)
 *(.data*)
 .data.SystemCoreClock
                0x0000000020000000        0x4 Core/Src/system_stm32g0xx.o
                0x0000000020000000                SystemCoreClock
 .data.uwTickPrio
                0x0000000020000004        0x4 Drivers/STM32G0xx_HAL_Driver/Src/stm32g0xx_hal.o
                0x0000000020000004                uwTickPrio
 .data.uwTickFreq
                0x0000000020000008        0x4 Drivers/STM32G0xx_HAL_Driver/Src/stm32g0xx_hal.o
                0x0000000020000008                uwTickFreq
                0x000000002000000c                . = ALIGN (0x4)
                0x000000002000000c                _edata = .

.igot.plt       0x000000002000000c        0x0 load address 0x0000000008002b78
 .igot.plt      0x000000002000000c        0x0 c:/st/stm32cubeide_1.2.0/stm32cubeide/plugins/com.st.stm32cube.ide.mcu.externaltools.gnu-tools-for-stm32.7-2018-q2-update.win32_1.0.0.201904181610/tools/bin/../lib/gcc/arm-none-eabi/7.3.1/thumb/v6-m/crtbegin.o
                0x000000002000000c                . = ALIGN (0x4)

.bss            0x000000002000000c       0x48 load address 0x0000000008002b78
                0x000000002000000c                _sbss = .
                0x000000002000000c                __bss_start__ = _sbss
 *(.bss)
 .bss           0x000000002000000c       0x1c c:/st/stm32cubeide_1.2.0/stm32cubeide/plugins/com.st.stm32cube.ide.mcu.externaltools.gnu-tools-for-stm32.7-2018-q2-update.win32_1.0.0.201904181610/tools/bin/../lib/gcc/arm-none-eabi/7.3.1/thumb/v6-m/crtbegin.o
 *(.bss*)
 .bss.capsenvar
                0x0000000020000028        0x4 Core/Src/main.o
                0x0000000020000028                capsenvar
 .bss.timeholddown
                0x000000002000002c        0x4 Core/Src/main.o
                0x000000002000002c                timeholddown
 *(COMMON)
 COMMON         0x0000000020000030       0x20 Core/Src/CapacitiveSensor.o
                0x0000000020000030                leastTotal
                0x0000000020000034                CS_Timeout_Millis
                0x0000000020000038                lastCal
                0x000000002000003c                loopTimingFactor
                0x0000000020000040                error
                0x0000000020000044                CS_AutocaL_Millis
                0x0000000020000048                f_CPU
                0x000000002000004c                total
 COMMON         0x0000000020000050        0x4 Drivers/STM32G0xx_HAL_Driver/Src/stm32g0xx_hal.o
                0x0000000020000050                uwTick
                0x0000000020000054                . = ALIGN (0x4)
                0x0000000020000054                _ebss = .
                0x0000000020000054                __bss_end__ = _ebss

._user_heap_stack
                0x0000000020000054      0x604 load address 0x0000000008002b78
                0x0000000020000058                . = ALIGN (0x8)
 *fill*         0x0000000020000054        0x4 
                0x0000000020000058                PROVIDE (end = .)
                [!provide]                        PROVIDE (_end = .)
                0x0000000020000258                . = (. + _Min_Heap_Size)
 *fill*         0x0000000020000058      0x200 
                0x0000000020000658                . = (. + _Min_Stack_Size)
 *fill*         0x0000000020000258      0x400 
                0x0000000020000658                . = ALIGN (0x8)

/DISCARD/
 libc.a(*)
 libm.a(*)
 libgcc.a(*)

.ARM.attributes
                0x0000000000000000       0x28
 *(.ARM.attributes)
 .ARM.attributes
                0x0000000000000000       0x1e c:/st/stm32cubeide_1.2.0/stm32cubeide/plugins/com.st.stm32cube.ide.mcu.externaltools.gnu-tools-for-stm32.7-2018-q2-update.win32_1.0.0.201904181610/tools/bin/../lib/gcc/arm-none-eabi/7.3.1/thumb/v6-m/crti.o
 .ARM.attributes
                0x000000000000001e       0x2c c:/st/stm32cubeide_1.2.0/stm32cubeide/plugins/com.st.stm32cube.ide.mcu.externaltools.gnu-tools-for-stm32.7-2018-q2-update.win32_1.0.0.201904181610/tools/bin/../lib/gcc/arm-none-eabi/7.3.1/thumb/v6-m/crtbegin.o
 .ARM.attributes
                0x000000000000004a       0x32 Core/Src/CapacitiveSensor.o
 .ARM.attributes
                0x000000000000007c       0x32 Core/Src/LED.o
 .ARM.attributes
                0x00000000000000ae       0x32 Core/Src/main.o
 .ARM.attributes
                0x00000000000000e0       0x32 Core/Src/stm32g0xx_hal_msp.o
 .ARM.attributes
                0x0000000000000112       0x32 Core/Src/stm32g0xx_it.o
 .ARM.attributes
                0x0000000000000144       0x32 Core/Src/system_stm32g0xx.o
 .ARM.attributes
                0x0000000000000176       0x21 Core/Startup/startup_stm32g031j6mx.o
 .ARM.attributes
                0x0000000000000197       0x32 Drivers/STM32G0xx_HAL_Driver/Src/stm32g0xx_hal.o
 .ARM.attributes
                0x00000000000001c9       0x32 Drivers/STM32G0xx_HAL_Driver/Src/stm32g0xx_hal_cortex.o
 .ARM.attributes
                0x00000000000001fb       0x32 Drivers/STM32G0xx_HAL_Driver/Src/stm32g0xx_hal_gpio.o
 .ARM.attributes
                0x000000000000022d       0x32 Drivers/STM32G0xx_HAL_Driver/Src/stm32g0xx_hal_pwr_ex.o
 .ARM.attributes
                0x000000000000025f       0x32 Drivers/STM32G0xx_HAL_Driver/Src/stm32g0xx_hal_rcc.o
 .ARM.attributes
                0x0000000000000291       0x2c c:/st/stm32cubeide_1.2.0/stm32cubeide/plugins/com.st.stm32cube.ide.mcu.externaltools.gnu-tools-for-stm32.7-2018-q2-update.win32_1.0.0.201904181610/tools/bin/../lib/gcc/arm-none-eabi/7.3.1/../../../../arm-none-eabi/lib/thumb/v6-m\libc_nano.a(lib_a-init.o)
 .ARM.attributes
                0x00000000000002bd       0x2c c:/st/stm32cubeide_1.2.0/stm32cubeide/plugins/com.st.stm32cube.ide.mcu.externaltools.gnu-tools-for-stm32.7-2018-q2-update.win32_1.0.0.201904181610/tools/bin/../lib/gcc/arm-none-eabi/7.3.1/../../../../arm-none-eabi/lib/thumb/v6-m\libc_nano.a(lib_a-memset.o)
 .ARM.attributes
                0x00000000000002e9       0x1e c:/st/stm32cubeide_1.2.0/stm32cubeide/plugins/com.st.stm32cube.ide.mcu.externaltools.gnu-tools-for-stm32.7-2018-q2-update.win32_1.0.0.201904181610/tools/bin/../lib/gcc/arm-none-eabi/7.3.1/thumb/v6-m\libgcc.a(_udivsi3.o)
 .ARM.attributes
                0x0000000000000307       0x1e c:/st/stm32cubeide_1.2.0/stm32cubeide/plugins/com.st.stm32cube.ide.mcu.externaltools.gnu-tools-for-stm32.7-2018-q2-update.win32_1.0.0.201904181610/tools/bin/../lib/gcc/arm-none-eabi/7.3.1/thumb/v6-m\libgcc.a(_dvmd_tls.o)
 .ARM.attributes
                0x0000000000000325       0x2c c:/st/stm32cubeide_1.2.0/stm32cubeide/plugins/com.st.stm32cube.ide.mcu.externaltools.gnu-tools-for-stm32.7-2018-q2-update.win32_1.0.0.201904181610/tools/bin/../lib/gcc/arm-none-eabi/7.3.1/thumb/v6-m\libgcc.a(_fixunssfsi.o)
 .ARM.attributes
                0x0000000000000351       0x2c c:/st/stm32cubeide_1.2.0/stm32cubeide/plugins/com.st.stm32cube.ide.mcu.externaltools.gnu-tools-for-stm32.7-2018-q2-update.win32_1.0.0.201904181610/tools/bin/../lib/gcc/arm-none-eabi/7.3.1/thumb/v6-m\libgcc.a(divsf3.o)
 .ARM.attributes
                0x000000000000037d       0x2c c:/st/stm32cubeide_1.2.0/stm32cubeide/plugins/com.st.stm32cube.ide.mcu.externaltools.gnu-tools-for-stm32.7-2018-q2-update.win32_1.0.0.201904181610/tools/bin/../lib/gcc/arm-none-eabi/7.3.1/thumb/v6-m\libgcc.a(mulsf3.o)
 .ARM.attributes
                0x00000000000003a9       0x2c c:/st/stm32cubeide_1.2.0/stm32cubeide/plugins/com.st.stm32cube.ide.mcu.externaltools.gnu-tools-for-stm32.7-2018-q2-update.win32_1.0.0.201904181610/tools/bin/../lib/gcc/arm-none-eabi/7.3.1/thumb/v6-m\libgcc.a(subsf3.o)
 .ARM.attributes
                0x00000000000003d5       0x2c c:/st/stm32cubeide_1.2.0/stm32cubeide/plugins/com.st.stm32cube.ide.mcu.externaltools.gnu-tools-for-stm32.7-2018-q2-update.win32_1.0.0.201904181610/tools/bin/../lib/gcc/arm-none-eabi/7.3.1/thumb/v6-m\libgcc.a(fixsfsi.o)
 .ARM.attributes
                0x0000000000000401       0x2c c:/st/stm32cubeide_1.2.0/stm32cubeide/plugins/com.st.stm32cube.ide.mcu.externaltools.gnu-tools-for-stm32.7-2018-q2-update.win32_1.0.0.201904181610/tools/bin/../lib/gcc/arm-none-eabi/7.3.1/thumb/v6-m\libgcc.a(floatunsisf.o)
 .ARM.attributes
                0x000000000000042d       0x1e c:/st/stm32cubeide_1.2.0/stm32cubeide/plugins/com.st.stm32cube.ide.mcu.externaltools.gnu-tools-for-stm32.7-2018-q2-update.win32_1.0.0.201904181610/tools/bin/../lib/gcc/arm-none-eabi/7.3.1/thumb/v6-m\libgcc.a(_arm_cmpsf2.o)
 .ARM.attributes
                0x000000000000044b       0x1e c:/st/stm32cubeide_1.2.0/stm32cubeide/plugins/com.st.stm32cube.ide.mcu.externaltools.gnu-tools-for-stm32.7-2018-q2-update.win32_1.0.0.201904181610/tools/bin/../lib/gcc/arm-none-eabi/7.3.1/thumb/v6-m\libgcc.a(_clzsi2.o)
 .ARM.attributes
                0x0000000000000469       0x2c c:/st/stm32cubeide_1.2.0/stm32cubeide/plugins/com.st.stm32cube.ide.mcu.externaltools.gnu-tools-for-stm32.7-2018-q2-update.win32_1.0.0.201904181610/tools/bin/../lib/gcc/arm-none-eabi/7.3.1/thumb/v6-m\libgcc.a(eqsf2.o)
 .ARM.attributes
                0x0000000000000495       0x2c c:/st/stm32cubeide_1.2.0/stm32cubeide/plugins/com.st.stm32cube.ide.mcu.externaltools.gnu-tools-for-stm32.7-2018-q2-update.win32_1.0.0.201904181610/tools/bin/../lib/gcc/arm-none-eabi/7.3.1/thumb/v6-m\libgcc.a(gesf2.o)
 .ARM.attributes
                0x00000000000004c1       0x2c c:/st/stm32cubeide_1.2.0/stm32cubeide/plugins/com.st.stm32cube.ide.mcu.externaltools.gnu-tools-for-stm32.7-2018-q2-update.win32_1.0.0.201904181610/tools/bin/../lib/gcc/arm-none-eabi/7.3.1/thumb/v6-m\libgcc.a(lesf2.o)
 .ARM.attributes
                0x00000000000004ed       0x1e c:/st/stm32cubeide_1.2.0/stm32cubeide/plugins/com.st.stm32cube.ide.mcu.externaltools.gnu-tools-for-stm32.7-2018-q2-update.win32_1.0.0.201904181610/tools/bin/../lib/gcc/arm-none-eabi/7.3.1/thumb/v6-m/crtn.o
OUTPUT(try.elf elf32-littlearm)

.debug_info     0x0000000000000000     0x49d4
 .debug_info    0x0000000000000000      0x8da Core/Src/CapacitiveSensor.o
 .debug_info    0x00000000000008da      0x4dd Core/Src/LED.o
 .debug_info    0x0000000000000db7      0x6f5 Core/Src/main.o
 .debug_info    0x00000000000014ac      0x3bb Core/Src/stm32g0xx_hal_msp.o
 .debug_info    0x0000000000001867      0x270 Core/Src/stm32g0xx_it.o
 .debug_info    0x0000000000001ad7      0x434 Core/Src/system_stm32g0xx.o
 .debug_info    0x0000000000001f0b       0x22 Core/Startup/startup_stm32g031j6mx.o
 .debug_info    0x0000000000001f2d      0xa1a Drivers/STM32G0xx_HAL_Driver/Src/stm32g0xx_hal.o
 .debug_info    0x0000000000002947      0x95f Drivers/STM32G0xx_HAL_Driver/Src/stm32g0xx_hal_cortex.o
 .debug_info    0x00000000000032a6      0x63a Drivers/STM32G0xx_HAL_Driver/Src/stm32g0xx_hal_gpio.o
 .debug_info    0x00000000000038e0      0x64f Drivers/STM32G0xx_HAL_Driver/Src/stm32g0xx_hal_pwr_ex.o
 .debug_info    0x0000000000003f2f      0xaa5 Drivers/STM32G0xx_HAL_Driver/Src/stm32g0xx_hal_rcc.o

.debug_abbrev   0x0000000000000000     0x1384
 .debug_abbrev  0x0000000000000000      0x279 Core/Src/CapacitiveSensor.o
 .debug_abbrev  0x0000000000000279      0x160 Core/Src/LED.o
 .debug_abbrev  0x00000000000003d9      0x1ad Core/Src/main.o
 .debug_abbrev  0x0000000000000586      0x136 Core/Src/stm32g0xx_hal_msp.o
 .debug_abbrev  0x00000000000006bc       0xf3 Core/Src/stm32g0xx_it.o
 .debug_abbrev  0x00000000000007af      0x147 Core/Src/system_stm32g0xx.o
 .debug_abbrev  0x00000000000008f6       0x12 Core/Startup/startup_stm32g031j6mx.o
 .debug_abbrev  0x0000000000000908      0x242 Drivers/STM32G0xx_HAL_Driver/Src/stm32g0xx_hal.o
 .debug_abbrev  0x0000000000000b4a      0x27c Drivers/STM32G0xx_HAL_Driver/Src/stm32g0xx_hal_cortex.o
 .debug_abbrev  0x0000000000000dc6      0x1b7 Drivers/STM32G0xx_HAL_Driver/Src/stm32g0xx_hal_gpio.o
 .debug_abbrev  0x0000000000000f7d      0x1f6 Drivers/STM32G0xx_HAL_Driver/Src/stm32g0xx_hal_pwr_ex.o
 .debug_abbrev  0x0000000000001173      0x211 Drivers/STM32G0xx_HAL_Driver/Src/stm32g0xx_hal_rcc.o

.debug_aranges  0x0000000000000000      0x568
 .debug_aranges
                0x0000000000000000       0x88 Core/Src/CapacitiveSensor.o
 .debug_aranges
                0x0000000000000088       0x40 Core/Src/LED.o
 .debug_aranges
                0x00000000000000c8       0x38 Core/Src/main.o
 .debug_aranges
                0x0000000000000100       0x20 Core/Src/stm32g0xx_hal_msp.o
 .debug_aranges
                0x0000000000000120       0x40 Core/Src/stm32g0xx_it.o
 .debug_aranges
                0x0000000000000160       0x28 Core/Src/system_stm32g0xx.o
 .debug_aranges
                0x0000000000000188       0x28 Core/Startup/startup_stm32g031j6mx.o
 .debug_aranges
                0x00000000000001b0      0x128 Drivers/STM32G0xx_HAL_Driver/Src/stm32g0xx_hal.o
 .debug_aranges
                0x00000000000002d8       0xd8 Drivers/STM32G0xx_HAL_Driver/Src/stm32g0xx_hal_cortex.o
 .debug_aranges
                0x00000000000003b0       0x60 Drivers/STM32G0xx_HAL_Driver/Src/stm32g0xx_hal_gpio.o
 .debug_aranges
                0x0000000000000410       0xc0 Drivers/STM32G0xx_HAL_Driver/Src/stm32g0xx_hal_pwr_ex.o
 .debug_aranges
                0x00000000000004d0       0x98 Drivers/STM32G0xx_HAL_Driver/Src/stm32g0xx_hal_rcc.o

.debug_ranges   0x0000000000000000      0x4b0
 .debug_ranges  0x0000000000000000       0x78 Core/Src/CapacitiveSensor.o
 .debug_ranges  0x0000000000000078       0x30 Core/Src/LED.o
 .debug_ranges  0x00000000000000a8       0x28 Core/Src/main.o
 .debug_ranges  0x00000000000000d0       0x10 Core/Src/stm32g0xx_hal_msp.o
 .debug_ranges  0x00000000000000e0       0x30 Core/Src/stm32g0xx_it.o
 .debug_ranges  0x0000000000000110       0x18 Core/Src/system_stm32g0xx.o
 .debug_ranges  0x0000000000000128       0x20 Core/Startup/startup_stm32g031j6mx.o
 .debug_ranges  0x0000000000000148      0x118 Drivers/STM32G0xx_HAL_Driver/Src/stm32g0xx_hal.o
 .debug_ranges  0x0000000000000260       0xc8 Drivers/STM32G0xx_HAL_Driver/Src/stm32g0xx_hal_cortex.o
 .debug_ranges  0x0000000000000328       0x50 Drivers/STM32G0xx_HAL_Driver/Src/stm32g0xx_hal_gpio.o
 .debug_ranges  0x0000000000000378       0xb0 Drivers/STM32G0xx_HAL_Driver/Src/stm32g0xx_hal_pwr_ex.o
 .debug_ranges  0x0000000000000428       0x88 Drivers/STM32G0xx_HAL_Driver/Src/stm32g0xx_hal_rcc.o

.debug_macro    0x0000000000000000    0x13829
 .debug_macro   0x0000000000000000      0x1b7 Core/Src/CapacitiveSensor.o
 .debug_macro   0x00000000000001b7      0xa48 Core/Src/CapacitiveSensor.o
 .debug_macro   0x0000000000000bff       0xfd Core/Src/CapacitiveSensor.o
 .debug_macro   0x0000000000000cfc       0x2e Core/Src/CapacitiveSensor.o
 .debug_macro   0x0000000000000d2a       0x28 Core/Src/CapacitiveSensor.o
 .debug_macro   0x0000000000000d52       0x22 Core/Src/CapacitiveSensor.o
 .debug_macro   0x0000000000000d74       0x8e Core/Src/CapacitiveSensor.o
 .debug_macro   0x0000000000000e02       0x51 Core/Src/CapacitiveSensor.o
 .debug_macro   0x0000000000000e53       0xef Core/Src/CapacitiveSensor.o
 .debug_macro   0x0000000000000f42       0x6a Core/Src/CapacitiveSensor.o
 .debug_macro   0x0000000000000fac      0x1df Core/Src/CapacitiveSensor.o
 .debug_macro   0x000000000000118b       0x1c Core/Src/CapacitiveSensor.o
 .debug_macro   0x00000000000011a7       0x22 Core/Src/CapacitiveSensor.o
 .debug_macro   0x00000000000011c9       0xb5 Core/Src/CapacitiveSensor.o
 .debug_macro   0x000000000000127e      0x4da Core/Src/CapacitiveSensor.o
 .debug_macro   0x0000000000001758      0x11f Core/Src/CapacitiveSensor.o
 .debug_macro   0x0000000000001877     0xaa73 Core/Src/CapacitiveSensor.o
 .debug_macro   0x000000000000c2ea       0x3c Core/Src/CapacitiveSensor.o
 .debug_macro   0x000000000000c326     0x3468 Core/Src/CapacitiveSensor.o
 .debug_macro   0x000000000000f78e      0x174 Core/Src/CapacitiveSensor.o
 .debug_macro   0x000000000000f902       0x5a Core/Src/CapacitiveSensor.o
 .debug_macro   0x000000000000f95c      0x53b Core/Src/CapacitiveSensor.o
 .debug_macro   0x000000000000fe97      0xee7 Core/Src/CapacitiveSensor.o
 .debug_macro   0x0000000000010d7e      0x1cc Core/Src/CapacitiveSensor.o
 .debug_macro   0x0000000000010f4a      0x153 Core/Src/CapacitiveSensor.o
 .debug_macro   0x000000000001109d      0x122 Core/Src/CapacitiveSensor.o
 .debug_macro   0x00000000000111bf      0x2f0 Core/Src/CapacitiveSensor.o
 .debug_macro   0x00000000000114af      0x1a5 Core/Src/CapacitiveSensor.o
 .debug_macro   0x0000000000011654       0x43 Core/Src/CapacitiveSensor.o
 .debug_macro   0x0000000000011697      0x1f1 Core/Src/CapacitiveSensor.o
 .debug_macro   0x0000000000011888      0x1b7 Core/Src/CapacitiveSensor.o
 .debug_macro   0x0000000000011a3f      0x36e Core/Src/CapacitiveSensor.o
 .debug_macro   0x0000000000011dad       0x28 Core/Src/CapacitiveSensor.o
 .debug_macro   0x0000000000011dd5       0xc1 Core/Src/CapacitiveSensor.o
 .debug_macro   0x0000000000011e96      0x25a Core/Src/CapacitiveSensor.o
 .debug_macro   0x00000000000120f0       0xd2 Core/Src/CapacitiveSensor.o
 .debug_macro   0x00000000000121c2      0x4ae Core/Src/CapacitiveSensor.o
 .debug_macro   0x0000000000012670       0x22 Core/Src/CapacitiveSensor.o
 .debug_macro   0x0000000000012692       0x52 Core/Src/CapacitiveSensor.o
 .debug_macro   0x00000000000126e4      0x1a8 Core/Src/LED.o
 .debug_macro   0x000000000001288c       0x1c Core/Src/LED.o
 .debug_macro   0x00000000000128a8      0x1bb Core/Src/main.o
 .debug_macro   0x0000000000012a63      0x1bb Core/Src/stm32g0xx_hal_msp.o
 .debug_macro   0x0000000000012c1e      0x1c5 Core/Src/stm32g0xx_it.o
 .debug_macro   0x0000000000012de3      0x19f Core/Src/system_stm32g0xx.o
 .debug_macro   0x0000000000012f82      0x1bd Drivers/STM32G0xx_HAL_Driver/Src/stm32g0xx_hal.o
 .debug_macro   0x000000000001313f      0x199 Drivers/STM32G0xx_HAL_Driver/Src/stm32g0xx_hal_cortex.o
 .debug_macro   0x00000000000132d8      0x1d1 Drivers/STM32G0xx_HAL_Driver/Src/stm32g0xx_hal_gpio.o
 .debug_macro   0x00000000000134a9      0x1ab Drivers/STM32G0xx_HAL_Driver/Src/stm32g0xx_hal_pwr_ex.o
 .debug_macro   0x0000000000013654      0x1d5 Drivers/STM32G0xx_HAL_Driver/Src/stm32g0xx_hal_rcc.o

.debug_line     0x0000000000000000     0x55c1
 .debug_line    0x0000000000000000      0x834 Core/Src/CapacitiveSensor.o
 .debug_line    0x0000000000000834      0x6c3 Core/Src/LED.o
 .debug_line    0x0000000000000ef7      0x6e8 Core/Src/main.o
 .debug_line    0x00000000000015df      0x690 Core/Src/stm32g0xx_hal_msp.o
 .debug_line    0x0000000000001c6f      0x6e4 Core/Src/stm32g0xx_it.o
 .debug_line    0x0000000000002353      0x68d Core/Src/system_stm32g0xx.o
 .debug_line    0x00000000000029e0       0x89 Core/Startup/startup_stm32g031j6mx.o
 .debug_line    0x0000000000002a69      0x8fa Drivers/STM32G0xx_HAL_Driver/Src/stm32g0xx_hal.o
 .debug_line    0x0000000000003363      0x8b8 Drivers/STM32G0xx_HAL_Driver/Src/stm32g0xx_hal_cortex.o
 .debug_line    0x0000000000003c1b      0x800 Drivers/STM32G0xx_HAL_Driver/Src/stm32g0xx_hal_gpio.o
 .debug_line    0x000000000000441b      0x845 Drivers/STM32G0xx_HAL_Driver/Src/stm32g0xx_hal_pwr_ex.o
 .debug_line    0x0000000000004c60      0x961 Drivers/STM32G0xx_HAL_Driver/Src/stm32g0xx_hal_rcc.o

.debug_str      0x0000000000000000    0x7988b
 .debug_str     0x0000000000000000    0x7847e Core/Src/CapacitiveSensor.o
                                      0x789c2 (size before relaxing)
 .debug_str     0x000000000007847e       0x70 Core/Src/LED.o
                                      0x78597 (size before relaxing)
 .debug_str     0x00000000000784ee       0x59 Core/Src/main.o
                                      0x788fc (size before relaxing)
 .debug_str     0x0000000000078547       0x2c Core/Src/stm32g0xx_hal_msp.o
                                      0x786dc (size before relaxing)
 .debug_str     0x0000000000078573       0x76 Core/Src/stm32g0xx_it.o
                                      0x78662 (size before relaxing)
 .debug_str     0x00000000000785e9       0x9c Core/Src/system_stm32g0xx.o
                                      0x784df (size before relaxing)
 .debug_str     0x0000000000078685       0x36 Core/Startup/startup_stm32g031j6mx.o
                                         0x6c (size before relaxing)
 .debug_str     0x00000000000786bb      0x6a9 Drivers/STM32G0xx_HAL_Driver/Src/stm32g0xx_hal.o
                                      0x78bd4 (size before relaxing)
 .debug_str     0x0000000000078d64      0x2ab Drivers/STM32G0xx_HAL_Driver/Src/stm32g0xx_hal_cortex.o
                                      0x7893b (size before relaxing)
 .debug_str     0x000000000007900f      0x23b Drivers/STM32G0xx_HAL_Driver/Src/stm32g0xx_hal_gpio.o
                                      0x786c1 (size before relaxing)
 .debug_str     0x000000000007924a      0x2e1 Drivers/STM32G0xx_HAL_Driver/Src/stm32g0xx_hal_pwr_ex.o
                                      0x787d0 (size before relaxing)
 .debug_str     0x000000000007952b      0x360 Drivers/STM32G0xx_HAL_Driver/Src/stm32g0xx_hal_rcc.o
                                      0x78a81 (size before relaxing)

.comment        0x0000000000000000       0x7b
 .comment       0x0000000000000000       0x7b Core/Src/CapacitiveSensor.o
                                         0x7c (size before relaxing)
 .comment       0x000000000000007b       0x7c Core/Src/LED.o
 .comment       0x000000000000007b       0x7c Core/Src/main.o
 .comment       0x000000000000007b       0x7c Core/Src/stm32g0xx_hal_msp.o
 .comment       0x000000000000007b       0x7c Core/Src/stm32g0xx_it.o
 .comment       0x000000000000007b       0x7c Core/Src/system_stm32g0xx.o
 .comment       0x000000000000007b       0x7c Drivers/STM32G0xx_HAL_Driver/Src/stm32g0xx_hal.o
 .comment       0x000000000000007b       0x7c Drivers/STM32G0xx_HAL_Driver/Src/stm32g0xx_hal_cortex.o
 .comment       0x000000000000007b       0x7c Drivers/STM32G0xx_HAL_Driver/Src/stm32g0xx_hal_gpio.o
 .comment       0x000000000000007b       0x7c Drivers/STM32G0xx_HAL_Driver/Src/stm32g0xx_hal_pwr_ex.o
 .comment       0x000000000000007b       0x7c Drivers/STM32G0xx_HAL_Driver/Src/stm32g0xx_hal_rcc.o

.debug_frame    0x0000000000000000     0x12c0
 .debug_frame   0x0000000000000000      0x1c0 Core/Src/CapacitiveSensor.o
 .debug_frame   0x00000000000001c0       0xac Core/Src/LED.o
 .debug_frame   0x000000000000026c       0x8c Core/Src/main.o
 .debug_frame   0x00000000000002f8       0x30 Core/Src/stm32g0xx_hal_msp.o
 .debug_frame   0x0000000000000328       0x9c Core/Src/stm32g0xx_it.o
 .debug_frame   0x00000000000003c4       0x4c Core/Src/system_stm32g0xx.o
 .debug_frame   0x0000000000000410      0x3fc Drivers/STM32G0xx_HAL_Driver/Src/stm32g0xx_hal.o
 .debug_frame   0x000000000000080c      0x2fc Drivers/STM32G0xx_HAL_Driver/Src/stm32g0xx_hal_cortex.o
 .debug_frame   0x0000000000000b08      0x130 Drivers/STM32G0xx_HAL_Driver/Src/stm32g0xx_hal_gpio.o
 .debug_frame   0x0000000000000c38      0x280 Drivers/STM32G0xx_HAL_Driver/Src/stm32g0xx_hal_pwr_ex.o
 .debug_frame   0x0000000000000eb8      0x1f4 Drivers/STM32G0xx_HAL_Driver/Src/stm32g0xx_hal_rcc.o
 .debug_frame   0x00000000000010ac       0x2c c:/st/stm32cubeide_1.2.0/stm32cubeide/plugins/com.st.stm32cube.ide.mcu.externaltools.gnu-tools-for-stm32.7-2018-q2-update.win32_1.0.0.201904181610/tools/bin/../lib/gcc/arm-none-eabi/7.3.1/../../../../arm-none-eabi/lib/thumb/v6-m\libc_nano.a(lib_a-init.o)
 .debug_frame   0x00000000000010d8       0x20 c:/st/stm32cubeide_1.2.0/stm32cubeide/plugins/com.st.stm32cube.ide.mcu.externaltools.gnu-tools-for-stm32.7-2018-q2-update.win32_1.0.0.201904181610/tools/bin/../lib/gcc/arm-none-eabi/7.3.1/../../../../arm-none-eabi/lib/thumb/v6-m\libc_nano.a(lib_a-memset.o)
 .debug_frame   0x00000000000010f8       0x20 c:/st/stm32cubeide_1.2.0/stm32cubeide/plugins/com.st.stm32cube.ide.mcu.externaltools.gnu-tools-for-stm32.7-2018-q2-update.win32_1.0.0.201904181610/tools/bin/../lib/gcc/arm-none-eabi/7.3.1/thumb/v6-m\libgcc.a(_udivsi3.o)
 .debug_frame   0x0000000000001118       0x28 c:/st/stm32cubeide_1.2.0/stm32cubeide/plugins/com.st.stm32cube.ide.mcu.externaltools.gnu-tools-for-stm32.7-2018-q2-update.win32_1.0.0.201904181610/tools/bin/../lib/gcc/arm-none-eabi/7.3.1/thumb/v6-m\libgcc.a(_fixunssfsi.o)
 .debug_frame   0x0000000000001140       0x3c c:/st/stm32cubeide_1.2.0/stm32cubeide/plugins/com.st.stm32cube.ide.mcu.externaltools.gnu-tools-for-stm32.7-2018-q2-update.win32_1.0.0.201904181610/tools/bin/../lib/gcc/arm-none-eabi/7.3.1/thumb/v6-m\libgcc.a(divsf3.o)
 .debug_frame   0x000000000000117c       0x3c c:/st/stm32cubeide_1.2.0/stm32cubeide/plugins/com.st.stm32cube.ide.mcu.externaltools.gnu-tools-for-stm32.7-2018-q2-update.win32_1.0.0.201904181610/tools/bin/../lib/gcc/arm-none-eabi/7.3.1/thumb/v6-m\libgcc.a(mulsf3.o)
 .debug_frame   0x00000000000011b8       0x38 c:/st/stm32cubeide_1.2.0/stm32cubeide/plugins/com.st.stm32cube.ide.mcu.externaltools.gnu-tools-for-stm32.7-2018-q2-update.win32_1.0.0.201904181610/tools/bin/../lib/gcc/arm-none-eabi/7.3.1/thumb/v6-m\libgcc.a(subsf3.o)
 .debug_frame   0x00000000000011f0       0x20 c:/st/stm32cubeide_1.2.0/stm32cubeide/plugins/com.st.stm32cube.ide.mcu.externaltools.gnu-tools-for-stm32.7-2018-q2-update.win32_1.0.0.201904181610/tools/bin/../lib/gcc/arm-none-eabi/7.3.1/thumb/v6-m\libgcc.a(fixsfsi.o)
 .debug_frame   0x0000000000001210       0x2c c:/st/stm32cubeide_1.2.0/stm32cubeide/plugins/com.st.stm32cube.ide.mcu.externaltools.gnu-tools-for-stm32.7-2018-q2-update.win32_1.0.0.201904181610/tools/bin/../lib/gcc/arm-none-eabi/7.3.1/thumb/v6-m\libgcc.a(floatunsisf.o)
 .debug_frame   0x000000000000123c       0x2c c:/st/stm32cubeide_1.2.0/stm32cubeide/plugins/com.st.stm32cube.ide.mcu.externaltools.gnu-tools-for-stm32.7-2018-q2-update.win32_1.0.0.201904181610/tools/bin/../lib/gcc/arm-none-eabi/7.3.1/thumb/v6-m\libgcc.a(eqsf2.o)
 .debug_frame   0x0000000000001268       0x2c c:/st/stm32cubeide_1.2.0/stm32cubeide/plugins/com.st.stm32cube.ide.mcu.externaltools.gnu-tools-for-stm32.7-2018-q2-update.win32_1.0.0.201904181610/tools/bin/../lib/gcc/arm-none-eabi/7.3.1/thumb/v6-m\libgcc.a(gesf2.o)
 .debug_frame   0x0000000000001294       0x2c c:/st/stm32cubeide_1.2.0/stm32cubeide/plugins/com.st.stm32cube.ide.mcu.externaltools.gnu-tools-for-stm32.7-2018-q2-update.win32_1.0.0.201904181610/tools/bin/../lib/gcc/arm-none-eabi/7.3.1/thumb/v6-m\libgcc.a(lesf2.o)
